Analysis & Synthesis report for Sequencer
Tue Jul 29 15:42:05 2008
Version 5.1 Build 176 10/26/2005 SJ Full Version


---------------------
; Table of Contents ;
---------------------
  1. Legal Notice
  2. Analysis & Synthesis Summary
  3. Analysis & Synthesis Settings
  4. Analysis & Synthesis Source Files Read
  5. Analysis & Synthesis Messages



----------------
; Legal Notice ;
----------------
Copyright (C) 1991-2005 Altera Corporation
Your use of Altera Corporation's design tools, logic functions 
and other software and tools, and its AMPP partner logic 
functions, and any output files any of the foregoing 
(including device programming or simulation files), and any 
associated documentation or information are expressly subject 
to the terms and conditions of the Altera Program License 
Subscription Agreement, Altera MegaCore Function License 
Agreement, or other applicable license agreement, including, 
without limitation, that your use is for the sole purpose of 
programming logic devices manufactured by Altera and sold by 
Altera or its authorized distributors.  Please refer to the 
applicable agreement for further details.



+------------------------------------------------------------------------+
; Analysis & Synthesis Summary                                           ;
+-----------------------------+------------------------------------------+
; Analysis & Synthesis Status ; Failed - Tue Jul 29 15:42:05 2008        ;
; Quartus II Version          ; 5.1 Build 176 10/26/2005 SJ Full Version ;
; Revision Name               ; Sequencer                                ;
; Top-level Entity Name       ; Sequencer                                ;
; Family                      ; Cyclone                                  ;
+-----------------------------+------------------------------------------+


+--------------------------------------------------------------------------------------------------------------+
; Analysis & Synthesis Settings                                                                                ;
+--------------------------------------------------------------------+--------------------+--------------------+
; Option                                                             ; Setting            ; Default Value      ;
+--------------------------------------------------------------------+--------------------+--------------------+
; Top-level entity name                                              ; Sequencer          ; Sequencer          ;
; Family name                                                        ; Cyclone            ; Stratix            ;
; Use smart compilation                                              ; Off                ; Off                ;
; Restructure Multiplexers                                           ; Auto               ; Auto               ;
; Create Debugging Nodes for IP Cores                                ; Off                ; Off                ;
; Preserve fewer node names                                          ; On                 ; On                 ;
; Disable OpenCore Plus hardware evaluation                          ; Off                ; Off                ;
; Verilog Version                                                    ; Verilog_2001       ; Verilog_2001       ;
; VHDL Version                                                       ; VHDL93             ; VHDL93             ;
; State Machine Processing                                           ; Auto               ; Auto               ;
; Extract Verilog State Machines                                     ; On                 ; On                 ;
; Extract VHDL State Machines                                        ; On                 ; On                 ;
; Add Pass-Through Logic to Inferred RAMs                            ; On                 ; On                 ;
; NOT Gate Push-Back                                                 ; On                 ; On                 ;
; Power-Up Don't Care                                                ; On                 ; On                 ;
; Remove Redundant Logic Cells                                       ; Off                ; Off                ;
; Remove Duplicate Registers                                         ; On                 ; On                 ;
; Ignore CARRY Buffers                                               ; Off                ; Off                ;
; Ignore CASCADE Buffers                                             ; Off                ; Off                ;
; Ignore GLOBAL Buffers                                              ; Off                ; Off                ;
; Ignore ROW GLOBAL Buffers                                          ; Off                ; Off                ;
; Ignore LCELL Buffers                                               ; Off                ; Off                ;
; Ignore SOFT Buffers                                                ; On                 ; On                 ;
; Limit AHDL Integers to 32 Bits                                     ; Off                ; Off                ;
; Optimization Technique -- Cyclone                                  ; Balanced           ; Balanced           ;
; Carry Chain Length -- Stratix/Stratix GX/Cyclone/MAX II/Cyclone II ; 70                 ; 70                 ;
; Auto Carry Chains                                                  ; On                 ; On                 ;
; Auto Open-Drain Pins                                               ; On                 ; On                 ;
; Remove Duplicate Logic                                             ; On                 ; On                 ;
; Perform WYSIWYG Primitive Resynthesis                              ; Off                ; Off                ;
; Perform gate-level register retiming                               ; Off                ; Off                ;
; Allow register retiming to trade off Tsu/Tco with Fmax             ; On                 ; On                 ;
; Auto ROM Replacement                                               ; On                 ; On                 ;
; Auto RAM Replacement                                               ; On                 ; On                 ;
; Auto Shift Register Replacement                                    ; On                 ; On                 ;
; Auto Clock Enable Replacement                                      ; On                 ; On                 ;
; Allow Synchronous Control Signals                                  ; On                 ; On                 ;
; Force Use of Synchronous Clear Signals                             ; Off                ; Off                ;
; Auto RAM Block Balancing                                           ; On                 ; On                 ;
; Auto Resource Sharing                                              ; Off                ; Off                ;
; Allow Any RAM Size For Recognition                                 ; Off                ; Off                ;
; Allow Any ROM Size For Recognition                                 ; Off                ; Off                ;
; Allow Any Shift Register Size For Recognition                      ; Off                ; Off                ;
; Maximum Number of M512 Memory Blocks                               ; -1                 ; -1                 ;
; Maximum Number of M4K Memory Blocks                                ; -1                 ; -1                 ;
; Maximum Number of M-RAM Memory Blocks                              ; -1                 ; -1                 ;
; Ignore translate_off and translate_on Synthesis Directives         ; Off                ; Off                ;
; Show Parameter Settings Tables in Synthesis Report                 ; On                 ; On                 ;
; Ignore Maximum Fan-Out Assignments                                 ; Off                ; Off                ;
; Retiming Meta-Stability Register Sequence Length                   ; 2                  ; 2                  ;
; PowerPlay Power Optimization                                       ; Normal compilation ; Normal compilation ;
; HDL message level                                                  ; Level2             ; Level2             ;
+--------------------------------------------------------------------+--------------------+--------------------+


+-----------------------------------------------------------------------------------------------+
; Analysis & Synthesis Source Files Read                                                        ;
+----------------------------------+-----------------+-----------+------------------------------+
; File Name with User-Entered Path ; Used in Netlist ; File Type ; File Name with Absolute Path ;
+----------------------------------+-----------------+-----------+------------------------------+


+-------------------------------+
; Analysis & Synthesis Messages ;
+-------------------------------+
Info: *******************************************************************
Info: Running Quartus II Analysis & Synthesis
    Info: Version 5.1 Build 176 10/26/2005 SJ Full Version
    Info: Processing started: Tue Jul 29 15:42:03 2008
Info: Command: quartus_map --read_settings_files=on --write_settings_files=off Sequencer -c Sequencer
Error (10622): VHDL syntax error at Sequencer.vhd(1): __machine_name is an illegal identifier in VHDL File: H:/2008 - Sems 2/Computer Systems/Practical 1/Sequencer/Sequencer.vhd Line: 1
Error (10622): VHDL syntax error at Sequencer.vhd(4): __clk is an illegal identifier in VHDL File: H:/2008 - Sems 2/Computer Systems/Practical 1/Sequencer/Sequencer.vhd Line: 4
Error (10622): VHDL syntax error at Sequencer.vhd(5): __reset is an illegal identifier in VHDL File: H:/2008 - Sems 2/Computer Systems/Practical 1/Sequencer/Sequencer.vhd Line: 5
Error (10622): VHDL syntax error at Sequencer.vhd(6): __input_name is an illegal identifier in VHDL File: H:/2008 - Sems 2/Computer Systems/Practical 1/Sequencer/Sequencer.vhd Line: 6
Error (10622): VHDL syntax error at Sequencer.vhd(7): __output_name is an illegal identifier in VHDL File: H:/2008 - Sems 2/Computer Systems/Practical 1/Sequencer/Sequencer.vhd Line: 7
Error (10622): VHDL syntax error at Sequencer.vhd(9): __machine_name is an illegal identifier in VHDL File: H:/2008 - Sems 2/Computer Systems/Practical 1/Sequencer/Sequencer.vhd Line: 9
Error (10523): Ignored construct __machine_name at Sequencer.vhd(1) due to previous errors File: H:/2008 - Sems 2/Computer Systems/Practical 1/Sequencer/Sequencer.vhd Line: 1
Error (10622): VHDL syntax error at Sequencer.vhd(11): __machine_name is an illegal identifier in VHDL File: H:/2008 - Sems 2/Computer Systems/Practical 1/Sequencer/Sequencer.vhd Line: 11
Error (10622): VHDL syntax error at Sequencer.vhd(12): __state_name is an illegal identifier in VHDL File: H:/2008 - Sems 2/Computer Systems/Practical 1/Sequencer/Sequencer.vhd Line: 12
Error (10622): VHDL syntax error at Sequencer.vhd(17): __reset is an illegal identifier in VHDL File: H:/2008 - Sems 2/Computer Systems/Practical 1/Sequencer/Sequencer.vhd Line: 17
Error (10622): VHDL syntax error at Sequencer.vhd(18): __state_name is an illegal identifier in VHDL File: H:/2008 - Sems 2/Computer Systems/Practical 1/Sequencer/Sequencer.vhd Line: 18
Error (10622): VHDL syntax error at Sequencer.vhd(19): __clk is an illegal identifier in VHDL File: H:/2008 - Sems 2/Computer Systems/Practical 1/Sequencer/Sequencer.vhd Line: 19
Error (10622): VHDL syntax error at Sequencer.vhd(21): __state_name is an illegal identifier in VHDL File: H:/2008 - Sems 2/Computer Systems/Practical 1/Sequencer/Sequencer.vhd Line: 21
Error (10622): VHDL syntax error at Sequencer.vhd(22): __condition is an illegal identifier in VHDL File: H:/2008 - Sems 2/Computer Systems/Practical 1/Sequencer/Sequencer.vhd Line: 22
Error (10622): VHDL syntax error at Sequencer.vhd(23): __state_name is an illegal identifier in VHDL File: H:/2008 - Sems 2/Computer Systems/Practical 1/Sequencer/Sequencer.vhd Line: 23
Error (10622): VHDL syntax error at Sequencer.vhd(26): __state_name is an illegal identifier in VHDL File: H:/2008 - Sems 2/Computer Systems/Practical 1/Sequencer/Sequencer.vhd Line: 26
Error (10622): VHDL syntax error at Sequencer.vhd(27): __condition is an illegal identifier in VHDL File: H:/2008 - Sems 2/Computer Systems/Practical 1/Sequencer/Sequencer.vhd Line: 27
Error (10622): VHDL syntax error at Sequencer.vhd(28): __state_name is an illegal identifier in VHDL File: H:/2008 - Sems 2/Computer Systems/Practical 1/Sequencer/Sequencer.vhd Line: 28
Error (10622): VHDL syntax error at Sequencer.vhd(31): __state_name is an illegal identifier in VHDL File: H:/2008 - Sems 2/Computer Systems/Practical 1/Sequencer/Sequencer.vhd Line: 31
Info: Found 0 design units, including 0 entities, in source file Sequencer.vhd
Error: Quartus II Analysis & Synthesis was unsuccessful. 19 errors, 0 warnings
    Error: Processing ended: Tue Jul 29 15:42:05 2008
    Error: Elapsed time: 00:00:03


